<MapData>
  <City>
    <verticeNumber>0</verticeNumber>
    <cityName>Flensburg</cityName>
    <cityColor>GREEN</cityColor>
  </City>
  <City>
    <verticeNumber>1</verticeNumber>
    <cityName>Kiel</cityName>
    <cityColor>GREEN</cityColor>
  </City>
  <City>
    <verticeNumber>2</verticeNumber>
    <cityName>Hamburg</cityName>
    <cityColor>GREEN</cityColor>
  </City>
  <City>
    <verticeNumber>3</verticeNumber>
    <cityName>Cuxhaven</cityName>
    <cityColor>GREEN</cityColor>
  </City>
  <City>
    <verticeNumber>4</verticeNumber>
    <cityName>Bremen</cityName>
    <cityColor>GREEN</cityColor>
  </City>
  <City>
    <verticeNumber>5</verticeNumber>
    <cityName>Wilhelmshaven</cityName>
    <cityColor>GREEN</cityColor>
  </City>
  <City>
    <verticeNumber>6</verticeNumber>
    <cityName>Lubeck</cityName>
    <cityColor>ORANGE</cityColor>
  </City>
  <City>
    <verticeNumber>7</verticeNumber>
    <cityName>Schwerin</cityName>
    <cityColor>ORANGE</cityColor>
  </City>
  <City>
    <verticeNumber>8</verticeNumber>
    <cityName>Rostock</cityName>
    <cityColor>ORANGE</cityColor>
  </City>
  <City>
    <verticeNumber>9</verticeNumber>
    <cityName>Torgelow</cityName>
    <cityColor>ORANGE</cityColor>
  </City>
  <City>
    <verticeNumber>10</verticeNumber>
    <cityName>Berlin</cityName>
    <cityColor>ORANGE</cityColor>
  </City>
  <City>
    <verticeNumber>11</verticeNumber>
    <cityName>Magoeburg</cityName>
    <cityColor>ORANGE</cityColor>
  </City>
  <City>
    <verticeNumber>12</verticeNumber>
    <cityName>Hannover</cityName>
    <cityColor>GREEN</cityColor>
  </City>
  <City>
    <verticeNumber>13</verticeNumber>
    <cityName>OsnaBruck</cityName>
    <cityColor>RED</cityColor>
  </City>
  <City>
    <verticeNumber>14</verticeNumber>
    <cityName>Munster</cityName>
    <cityColor>RED</cityColor>
  </City>
  <City>
    <verticeNumber>15</verticeNumber>
    <cityName>Dortmund</cityName>
    <cityColor>RED</cityColor>
  </City>
  <City>
    <verticeNumber>16</verticeNumber>
    <cityName>Essen</cityName>
    <cityColor>RED</cityColor>
  </City>
  <City>
    <verticeNumber>17</verticeNumber>
    <cityName>Duisburg</cityName>
    <cityColor>RED</cityColor>
  </City>
  <City>
    <verticeNumber>18</verticeNumber>
    <cityName>Dusseldorf</cityName>
    <cityColor>RED</cityColor>
  </City>
  <City>
    <verticeNumber>19</verticeNumber>
    <cityName>Kassel</cityName>
    <cityColor>RED</cityColor>
  </City>
  <City>
    <verticeNumber>20</verticeNumber>
    <cityName>Aachen</cityName>
    <cityColor>BLUE</cityColor>
  </City>
  <City>
    <verticeNumber>21</verticeNumber>
    <cityName>Koln</cityName>
    <cityColor>BLUE</cityColor>
  </City>
  <City>
    <verticeNumber>22</verticeNumber>
    <cityName>Trier</cityName>
    <cityColor>BLUE</cityColor>
  </City>
  <City>
    <verticeNumber>23</verticeNumber>
    <cityName>Wiesbaden</cityName>
    <cityColor>BLUE</cityColor>
  </City>
  <City>
    <verticeNumber>24</verticeNumber>
    <cityName>Frankfurt-M</cityName>
    <cityColor>BLUE</cityColor>
  </City>
  <City>
    <verticeNumber>25</verticeNumber>
    <cityName>Saarbrucken</cityName>
    <cityColor>BLUE</cityColor>
  </City>
  <City>
    <verticeNumber>26</verticeNumber>
    <cityName>Mannheim</cityName>
    <cityColor>BLUE</cityColor>
  </City>
  <City>
    <verticeNumber>27</verticeNumber>
    <cityName>Fulda</cityName>
    <cityColor>YELLOW</cityColor>
  </City>
  <City>
    <verticeNumber>28</verticeNumber>
    <cityName>Wurzburg</cityName>
    <cityColor>YELLOW</cityColor>
  </City>
  <City>
    <verticeNumber>29</verticeNumber>
    <cityName>Erfurt</cityName>
    <cityColor>YELLOW</cityColor>
  </City>
  <City>
    <verticeNumber>30</verticeNumber>
    <cityName>Halle</cityName>
    <cityColor>YELLOW</cityColor>
  </City>
  <City>
    <verticeNumber>31</verticeNumber>
    <cityName>Leipzig</cityName>
    <cityColor>YELLOW</cityColor>
  </City>
  <City>
    <verticeNumber>32</verticeNumber>
    <cityName>Dresden</cityName>
    <cityColor>YELLOW</cityColor>
  </City>
  <City>
    <verticeNumber>33</verticeNumber>
    <cityName>Nurnberg</cityName>
    <cityColor>YELLOW</cityColor>
  </City>
  <City>
    <verticeNumber>34</verticeNumber>
    <cityName>Regensburg</cityName>
    <cityColor>PURPLE</cityColor>
  </City>
  <City>
    <verticeNumber>35</verticeNumber>
    <cityName>Passau</cityName>
    <cityColor>PURPLE</cityColor>
  </City>
  <City>
    <verticeNumber>36</verticeNumber>
    <cityName>Munchen</cityName>
    <cityColor>PURPLE</cityColor>
  </City>
  <City>
    <verticeNumber>37</verticeNumber>
    <cityName>Augsburg</cityName>
    <cityColor>PURPLE</cityColor>
  </City>
  <City>
    <verticeNumber>38</verticeNumber>
    <cityName>Stuttgart</cityName>
    <cityColor>PURPLE</cityColor>
  </City>
  <City>
    <verticeNumber>39</verticeNumber>
    <cityName>Freiburg</cityName>
    <cityColor>PURPLE</cityColor>
  </City>
  <City>
    <verticeNumber>40</verticeNumber>
    <cityName>Konstanz</cityName>
    <cityColor>PURPLE</cityColor>
  </City>
  <City>
    <verticeNumber>41</verticeNumber>
    <cityName>Frankfurt-O</cityName>
    <cityColor>ORANGE</cityColor>
  </City>

  <EdgeTriplet>
    <City>
      <verticeNumber>0</verticeNumber>
      <cityName>Flensburg</cityName>
      <cityColor>GREEN</cityColor>
    </City>
    <City>
      <verticeNumber>1</verticeNumber>
      <cityName>Kiel</cityName>
      <cityColor>GREEN</cityColor>
    </City>
    <edgeCost>4</edgeCost>
  </EdgeTriplet>
  <EdgeTriplet>
    <City>
      <verticeNumber>1</verticeNumber>
      <cityName>Kiel</cityName>
      <cityColor>GREEN</cityColor>
    </City>
    <City>
      <verticeNumber>2</verticeNumber>
      <cityName>Hamburg</cityName>
      <cityColor>GREEN</cityColor>
    </City>
    <edgeCost>8</edgeCost>
  </EdgeTriplet>
  <EdgeTriplet>
    <City>
      <verticeNumber>1</verticeNumber>
      <cityName>Kiel</cityName>
      <cityColor>GREEN</cityColor>
    </City>
    <City>
      <verticeNumber>6</verticeNumber>
      <cityName>Lubeck</cityName>
      <cityColor>ORANGE</cityColor>
    </City>
    <edgeCost>4</edgeCost>
  </EdgeTriplet>
  <EdgeTriplet>
    <City>
      <verticeNumber>2</verticeNumber>
      <cityName>Hamburg</cityName>
      <cityColor>GREEN</cityColor>
    </City>
    <City>
      <verticeNumber>6</verticeNumber>
      <cityName>Lubeck</cityName>
      <cityColor>ORANGE</cityColor>
    </City>
    <edgeCost>6</edgeCost>
  </EdgeTriplet>
  <EdgeTriplet>
    <City>
      <verticeNumber>2</verticeNumber>
      <cityName>Hamburg</cityName>
      <cityColor>GREEN</cityColor>
    </City>
    <City>
      <verticeNumber>3</verticeNumber>
      <cityName>Cuxhaven</cityName>
      <cityColor>GREEN</cityColor>
    </City>
    <edgeCost>11</edgeCost>
  </EdgeTriplet>
  <EdgeTriplet>
    <City>
      <verticeNumber>2</verticeNumber>
      <cityName>Hamburg</cityName>
      <cityColor>GREEN</cityColor>
    </City>
    <City>
      <verticeNumber>4</verticeNumber>
      <cityName>Bremen</cityName>
      <cityColor>GREEN</cityColor>
    </City>
    <edgeCost>11</edgeCost>
  </EdgeTriplet>
  <EdgeTriplet>
    <City>
      <verticeNumber>2</verticeNumber>
      <cityName>Hamburg</cityName>
      <cityColor>GREEN</cityColor>
    </City>
    <City>
      <verticeNumber>12</verticeNumber>
      <cityName>Hannover</cityName>
      <cityColor>GREEN</cityColor>
    </City>
    <edgeCost>17</edgeCost>
  </EdgeTriplet>
  <EdgeTriplet>
    <City>
      <verticeNumber>2</verticeNumber>
      <cityName>Hamburg</cityName>
      <cityColor>GREEN</cityColor>
    </City>
    <City>
      <verticeNumber>7</verticeNumber>
      <cityName>Schwerin</cityName>
      <cityColor>ORANGE</cityColor>
    </City>
    <edgeCost>8</edgeCost>
  </EdgeTriplet>
  <EdgeTriplet>
    <City>
      <verticeNumber>3</verticeNumber>
      <cityName>Cuxhaven</cityName>
      <cityColor>GREEN</cityColor>
    </City>
    <City>
      <verticeNumber>4</verticeNumber>
      <cityName>Bremen</cityName>
      <cityColor>GREEN</cityColor>
    </City>
    <edgeCost>8</edgeCost>
  </EdgeTriplet>
  <EdgeTriplet>
    <City>
      <verticeNumber>4</verticeNumber>
      <cityName>Bremen</cityName>
      <cityColor>GREEN</cityColor>
    </City>
    <City>
      <verticeNumber>12</verticeNumber>
      <cityName>Hannover</cityName>
      <cityColor>GREEN</cityColor>
    </City>
    <edgeCost>10</edgeCost>
  </EdgeTriplet>
  <EdgeTriplet>
    <City>
      <verticeNumber>4</verticeNumber>
      <cityName>Bremen</cityName>
      <cityColor>GREEN</cityColor>
    </City>
    <City>
      <verticeNumber>13</verticeNumber>
      <cityName>OsnaBruck</cityName>
      <cityColor>RED</cityColor>
    </City>
    <edgeCost>11</edgeCost>
  </EdgeTriplet>
  <EdgeTriplet>
    <City>
      <verticeNumber>4</verticeNumber>
      <cityName>Bremen</cityName>
      <cityColor>GREEN</cityColor>
    </City>
    <City>
      <verticeNumber>5</verticeNumber>
      <cityName>Wilhelmshaven</cityName>
      <cityColor>GREEN</cityColor>
    </City>
    <edgeCost>11</edgeCost>
  </EdgeTriplet>
  <EdgeTriplet>
    <City>
      <verticeNumber>5</verticeNumber>
      <cityName>Wilhelmshaven</cityName>
      <cityColor>GREEN</cityColor>
    </City>
    <City>
      <verticeNumber>13</verticeNumber>
      <cityName>OsnaBruck</cityName>
      <cityColor>RED</cityColor>
    </City>
    <edgeCost>14</edgeCost>
  </EdgeTriplet>
  <EdgeTriplet>
    <City>
      <verticeNumber>6</verticeNumber>
      <cityName>Lubeck</cityName>
      <cityColor>ORANGE</cityColor>
    </City>
    <City>
      <verticeNumber>7</verticeNumber>
      <cityName>Schwerin</cityName>
      <cityColor>ORANGE</cityColor>
    </City>
    <edgeCost>6</edgeCost>
  </EdgeTriplet>
  <EdgeTriplet>
    <City>
      <verticeNumber>7</verticeNumber>
      <cityName>Schwerin</cityName>
      <cityColor>ORANGE</cityColor>
    </City>
    <City>
      <verticeNumber>8</verticeNumber>
      <cityName>Rostock</cityName>
      <cityColor>ORANGE</cityColor>
    </City>
    <edgeCost>6</edgeCost>
  </EdgeTriplet>
  <EdgeTriplet>
    <City>
      <verticeNumber>7</verticeNumber>
      <cityName>Schwerin</cityName>
      <cityColor>ORANGE</cityColor>
    </City>
    <City>
      <verticeNumber>9</verticeNumber>
      <cityName>Torgelow</cityName>
      <cityColor>ORANGE</cityColor>
    </City>
    <edgeCost>19</edgeCost>
  </EdgeTriplet>
  <EdgeTriplet>
    <City>
      <verticeNumber>7</verticeNumber>
      <cityName>Schwerin</cityName>
      <cityColor>ORANGE</cityColor>
    </City>
    <City>
      <verticeNumber>10</verticeNumber>
      <cityName>Berlin</cityName>
      <cityColor>ORANGE</cityColor>
    </City>
    <edgeCost>18</edgeCost>
  </EdgeTriplet>
  <EdgeTriplet>
    <City>
      <verticeNumber>7</verticeNumber>
      <cityName>Schwerin</cityName>
      <cityColor>ORANGE</cityColor>
    </City>
    <City>
      <verticeNumber>11</verticeNumber>
      <cityName>Magoeburg</cityName>
      <cityColor>ORANGE</cityColor>
    </City>
    <edgeCost>16</edgeCost>
  </EdgeTriplet>
  <EdgeTriplet>
    <City>
      <verticeNumber>7</verticeNumber>
      <cityName>Schwerin</cityName>
      <cityColor>ORANGE</cityColor>
    </City>
    <City>
      <verticeNumber>12</verticeNumber>
      <cityName>Hannover</cityName>
      <cityColor>GREEN</cityColor>
    </City>
    <edgeCost>19</edgeCost>
  </EdgeTriplet>
  <EdgeTriplet>
    <City>
      <verticeNumber>8</verticeNumber>
      <cityName>Rostock</cityName>
      <cityColor>ORANGE</cityColor>
    </City>
    <City>
      <verticeNumber>9</verticeNumber>
      <cityName>Torgelow</cityName>
      <cityColor>ORANGE</cityColor>
    </City>
    <edgeCost>19</edgeCost>
  </EdgeTriplet>
  <EdgeTriplet>
    <City>
      <verticeNumber>9</verticeNumber>
      <cityName>Torgelow</cityName>
      <cityColor>ORANGE</cityColor>
    </City>
    <City>
      <verticeNumber>10</verticeNumber>
      <cityName>Berlin</cityName>
      <cityColor>ORANGE</cityColor>
    </City>
    <edgeCost>15</edgeCost>
  </EdgeTriplet>
  <EdgeTriplet>
    <City>
      <verticeNumber>10</verticeNumber>
      <cityName>Berlin</cityName>
      <cityColor>ORANGE</cityColor>
    </City>
    <City>
      <verticeNumber>11</verticeNumber>
      <cityName>Magoeburg</cityName>
      <cityColor>ORANGE</cityColor>
    </City>
    <edgeCost>10</edgeCost>
  </EdgeTriplet>
  <EdgeTriplet>
    <City>
      <verticeNumber>10</verticeNumber>
      <cityName>Berlin</cityName>
      <cityColor>ORANGE</cityColor>
    </City>
    <City>
      <verticeNumber>41</verticeNumber>
      <cityName>Frankfurt-O</cityName>
      <cityColor>ORANGE</cityColor>
    </City>
    <edgeCost>6</edgeCost>
  </EdgeTriplet>
  <EdgeTriplet>
    <City>
      <verticeNumber>10</verticeNumber>
      <cityName>Berlin</cityName>
      <cityColor>ORANGE</cityColor>
    </City>
    <City>
      <verticeNumber>30</verticeNumber>
      <cityName>Halle</cityName>
      <cityColor>YELLOW</cityColor>
    </City>
    <edgeCost>17</edgeCost>
  </EdgeTriplet>
  <EdgeTriplet>
    <City>
      <verticeNumber>11</verticeNumber>
      <cityName>Magoeburg</cityName>
      <cityColor>ORANGE</cityColor>
    </City>
    <City>
      <verticeNumber>30</verticeNumber>
      <cityName>Halle</cityName>
      <cityColor>YELLOW</cityColor>
    </City>
    <edgeCost>11</edgeCost>
  </EdgeTriplet>
  <EdgeTriplet>
    <City>
      <verticeNumber>11</verticeNumber>
      <cityName>Magoeburg</cityName>
      <cityColor>ORANGE</cityColor>
    </City>
    <City>
      <verticeNumber>12</verticeNumber>
      <cityName>Hannover</cityName>
      <cityColor>GREEN</cityColor>
    </City>
    <edgeCost>15</edgeCost>
  </EdgeTriplet>
  <EdgeTriplet>
    <City>
      <verticeNumber>12</verticeNumber>
      <cityName>Hannover</cityName>
      <cityColor>GREEN</cityColor>
    </City>
    <City>
      <verticeNumber>13</verticeNumber>
      <cityName>OsnaBruck</cityName>
      <cityColor>RED</cityColor>
    </City>
    <edgeCost>16</edgeCost>
  </EdgeTriplet>
  <EdgeTriplet>
    <City>
      <verticeNumber>12</verticeNumber>
      <cityName>Hannover</cityName>
      <cityColor>GREEN</cityColor>
    </City>
    <City>
      <verticeNumber>19</verticeNumber>
      <cityName>Kassel</cityName>
      <cityColor>RED</cityColor>
    </City>
    <edgeCost>15</edgeCost>
  </EdgeTriplet>
  <EdgeTriplet>
    <City>
      <verticeNumber>12</verticeNumber>
      <cityName>Hannover</cityName>
      <cityColor>GREEN</cityColor>
    </City>
    <City>
      <verticeNumber>29</verticeNumber>
      <cityName>Erfurt</cityName>
      <cityColor>YELLOW</cityColor>
    </City>
    <edgeCost>19</edgeCost>
  </EdgeTriplet>
  <EdgeTriplet>
    <City>
      <verticeNumber>13</verticeNumber>
      <cityName>OsnaBruck</cityName>
      <cityColor>RED</cityColor>
    </City>
    <City>
      <verticeNumber>14</verticeNumber>
      <cityName>Munster</cityName>
      <cityColor>RED</cityColor>
    </City>
    <edgeCost>7</edgeCost>
  </EdgeTriplet>
  <EdgeTriplet>
    <City>
      <verticeNumber>13</verticeNumber>
      <cityName>OsnaBruck</cityName>
      <cityColor>RED</cityColor>
    </City>
    <City>
      <verticeNumber>19</verticeNumber>
      <cityName>Kassel</cityName>
      <cityColor>RED</cityColor>
    </City>
    <edgeCost>20</edgeCost>
  </EdgeTriplet>
  <EdgeTriplet>
    <City>
      <verticeNumber>14</verticeNumber>
      <cityName>Munster</cityName>
      <cityColor>RED</cityColor>
    </City>
    <City>
      <verticeNumber>15</verticeNumber>
      <cityName>Dortmund</cityName>
      <cityColor>RED</cityColor>
    </City>
    <edgeCost>2</edgeCost>
  </EdgeTriplet>
  <EdgeTriplet>
    <City>
      <verticeNumber>14</verticeNumber>
      <cityName>Munster</cityName>
      <cityColor>RED</cityColor>
    </City>
    <City>
      <verticeNumber>16</verticeNumber>
      <cityName>Essen</cityName>
      <cityColor>RED</cityColor>
    </City>
    <edgeCost>6</edgeCost>
  </EdgeTriplet>
  <EdgeTriplet>
    <City>
      <verticeNumber>15</verticeNumber>
      <cityName>Dortmund</cityName>
      <cityColor>RED</cityColor>
    </City>
    <City>
      <verticeNumber>16</verticeNumber>
      <cityName>Essen</cityName>
      <cityColor>RED</cityColor>
    </City>
    <edgeCost>4</edgeCost>
  </EdgeTriplet>
  <EdgeTriplet>
    <City>
      <verticeNumber>15</verticeNumber>
      <cityName>Dortmund</cityName>
      <cityColor>RED</cityColor>
    </City>
    <City>
      <verticeNumber>21</verticeNumber>
      <cityName>Koln</cityName>
      <cityColor>BLUE</cityColor>
    </City>
    <edgeCost>10</edgeCost>
  </EdgeTriplet>
  <EdgeTriplet>
    <City>
      <verticeNumber>15</verticeNumber>
      <cityName>Dortmund</cityName>
      <cityColor>RED</cityColor>
    </City>
    <City>
      <verticeNumber>24</verticeNumber>
      <cityName>Frankfurt-M</cityName>
      <cityColor>BLUE</cityColor>
    </City>
    <edgeCost>20</edgeCost>
  </EdgeTriplet>
  <EdgeTriplet>
    <City>
      <verticeNumber>15</verticeNumber>
      <cityName>Dortmund</cityName>
      <cityColor>RED</cityColor>
    </City>
    <City>
      <verticeNumber>19</verticeNumber>
      <cityName>Kassel</cityName>
      <cityColor>RED</cityColor>
    </City>
    <edgeCost>18</edgeCost>
  </EdgeTriplet>
  <EdgeTriplet>
    <City>
      <verticeNumber>16</verticeNumber>
      <cityName>Essen</cityName>
      <cityColor>RED</cityColor>
    </City>
    <City>
      <verticeNumber>17</verticeNumber>
      <cityName>Duisburg</cityName>
      <cityColor>RED</cityColor>
    </City>
    <edgeCost>0</edgeCost>
  </EdgeTriplet>
  <EdgeTriplet>
    <City>
      <verticeNumber>16</verticeNumber>
      <cityName>Essen</cityName>
      <cityColor>RED</cityColor>
    </City>
    <City>
      <verticeNumber>18</verticeNumber>
      <cityName>Dusseldorf</cityName>
      <cityColor>RED</cityColor>
    </City>
    <edgeCost>2</edgeCost>
  </EdgeTriplet>
  <EdgeTriplet>
    <City>
      <verticeNumber>18</verticeNumber>
      <cityName>Dusseldorf</cityName>
      <cityColor>RED</cityColor>
    </City>
    <City>
      <verticeNumber>20</verticeNumber>
      <cityName>Aachen</cityName>
      <cityColor>BLUE</cityColor>
    </City>
    <edgeCost>9</edgeCost>
  </EdgeTriplet>
  <EdgeTriplet>
    <City>
      <verticeNumber>18</verticeNumber>
      <cityName>Dusseldorf</cityName>
      <cityColor>RED</cityColor>
    </City>
    <City>
      <verticeNumber>21</verticeNumber>
      <cityName>Koln</cityName>
      <cityColor>BLUE</cityColor>
    </City>
    <edgeCost>4</edgeCost>
  </EdgeTriplet>
  <EdgeTriplet>
    <City>
      <verticeNumber>19</verticeNumber>
      <cityName>Kassel</cityName>
      <cityColor>RED</cityColor>
    </City>
    <City>
      <verticeNumber>24</verticeNumber>
      <cityName>Frankfurt-M</cityName>
      <cityColor>BLUE</cityColor>
    </City>
    <edgeCost>13</edgeCost>
  </EdgeTriplet>
  <EdgeTriplet>
    <City>
      <verticeNumber>19</verticeNumber>
      <cityName>Kassel</cityName>
      <cityColor>RED</cityColor>
    </City>
    <City>
      <verticeNumber>27</verticeNumber>
      <cityName>Fulda</cityName>
      <cityColor>YELLOW</cityColor>
    </City>
    <edgeCost>8</edgeCost>
  </EdgeTriplet>
  <EdgeTriplet>
    <City>
      <verticeNumber>19</verticeNumber>
      <cityName>Kassel</cityName>
      <cityColor>RED</cityColor>
    </City>
    <City>
      <verticeNumber>29</verticeNumber>
      <cityName>Erfurt</cityName>
      <cityColor>YELLOW</cityColor>
    </City>
    <edgeCost>15</edgeCost>
  </EdgeTriplet>
  <EdgeTriplet>
    <City>
      <verticeNumber>20</verticeNumber>
      <cityName>Aachen</cityName>
      <cityColor>BLUE</cityColor>
    </City>
    <City>
      <verticeNumber>21</verticeNumber>
      <cityName>Koln</cityName>
      <cityColor>BLUE</cityColor>
    </City>
    <edgeCost>7</edgeCost>
  </EdgeTriplet>
  <EdgeTriplet>
    <City>
      <verticeNumber>20</verticeNumber>
      <cityName>Aachen</cityName>
      <cityColor>BLUE</cityColor>
    </City>
    <City>
      <verticeNumber>22</verticeNumber>
      <cityName>Trier</cityName>
      <cityColor>BLUE</cityColor>
    </City>
    <edgeCost>19</edgeCost>
  </EdgeTriplet>
  <EdgeTriplet>
    <City>
      <verticeNumber>21</verticeNumber>
      <cityName>Koln</cityName>
      <cityColor>BLUE</cityColor>
    </City>
    <City>
      <verticeNumber>22</verticeNumber>
      <cityName>Trier</cityName>
      <cityColor>BLUE</cityColor>
    </City>
    <edgeCost>20</edgeCost>
  </EdgeTriplet>
  <EdgeTriplet>
    <City>
      <verticeNumber>21</verticeNumber>
      <cityName>Koln</cityName>
      <cityColor>BLUE</cityColor>
    </City>
    <City>
      <verticeNumber>23</verticeNumber>
      <cityName>Wiesbaden</cityName>
      <cityColor>BLUE</cityColor>
    </City>
    <edgeCost>21</edgeCost>
  </EdgeTriplet>
  <EdgeTriplet>
    <City>
      <verticeNumber>22</verticeNumber>
      <cityName>Trier</cityName>
      <cityColor>BLUE</cityColor>
    </City>
    <City>
      <verticeNumber>23</verticeNumber>
      <cityName>Wiesbaden</cityName>
      <cityColor>BLUE</cityColor>
    </City>
    <edgeCost>18</edgeCost>
  </EdgeTriplet>
  <EdgeTriplet>
    <City>
      <verticeNumber>22</verticeNumber>
      <cityName>Trier</cityName>
      <cityColor>BLUE</cityColor>
    </City>
    <City>
      <verticeNumber>25</verticeNumber>
      <cityName>Saarbrucken</cityName>
      <cityColor>BLUE</cityColor>
    </City>
    <edgeCost>11</edgeCost>
  </EdgeTriplet>
  <EdgeTriplet>
    <City>
      <verticeNumber>23</verticeNumber>
      <cityName>Wiesbaden</cityName>
      <cityColor>BLUE</cityColor>
    </City>
    <City>
      <verticeNumber>25</verticeNumber>
      <cityName>Saarbrucken</cityName>
      <cityColor>BLUE</cityColor>
    </City>
    <edgeCost>10</edgeCost>
  </EdgeTriplet>
  <EdgeTriplet>
    <City>
      <verticeNumber>23</verticeNumber>
      <cityName>Wiesbaden</cityName>
      <cityColor>BLUE</cityColor>
    </City>
    <City>
      <verticeNumber>26</verticeNumber>
      <cityName>Mannheim</cityName>
      <cityColor>BLUE</cityColor>
    </City>
    <edgeCost>11</edgeCost>
  </EdgeTriplet>
  <EdgeTriplet>
    <City>
      <verticeNumber>24</verticeNumber>
      <cityName>Frankfurt-M</cityName>
      <cityColor>BLUE</cityColor>
    </City>
    <City>
      <verticeNumber>27</verticeNumber>
      <cityName>Fulda</cityName>
      <cityColor>YELLOW</cityColor>
    </City>
    <edgeCost>8</edgeCost>
  </EdgeTriplet>
  <EdgeTriplet>
    <City>
      <verticeNumber>24</verticeNumber>
      <cityName>Frankfurt-M</cityName>
      <cityColor>BLUE</cityColor>
    </City>
    <City>
      <verticeNumber>28</verticeNumber>
      <cityName>Wurzburg</cityName>
      <cityColor>YELLOW</cityColor>
    </City>
    <edgeCost>13</edgeCost>
  </EdgeTriplet>
  <EdgeTriplet>
    <City>
      <verticeNumber>25</verticeNumber>
      <cityName>Saarbrucken</cityName>
      <cityColor>BLUE</cityColor>
    </City>
    <City>
      <verticeNumber>26</verticeNumber>
      <cityName>Mannheim</cityName>
      <cityColor>BLUE</cityColor>
    </City>
    <edgeCost>11</edgeCost>
  </EdgeTriplet>
  <EdgeTriplet>
    <City>
      <verticeNumber>25</verticeNumber>
      <cityName>Saarbrucken</cityName>
      <cityColor>BLUE</cityColor>
    </City>
    <City>
      <verticeNumber>38</verticeNumber>
      <cityName>Stuttgart</cityName>
      <cityColor>PURPLE</cityColor>
    </City>
    <edgeCost>17</edgeCost>
  </EdgeTriplet>
  <EdgeTriplet>
    <City>
      <verticeNumber>26</verticeNumber>
      <cityName>Mannheim</cityName>
      <cityColor>BLUE</cityColor>
    </City>
    <City>
      <verticeNumber>38</verticeNumber>
      <cityName>Stuttgart</cityName>
      <cityColor>PURPLE</cityColor>
    </City>
    <edgeCost>6</edgeCost>
  </EdgeTriplet>
  <EdgeTriplet>
    <City>
      <verticeNumber>26</verticeNumber>
      <cityName>Mannheim</cityName>
      <cityColor>BLUE</cityColor>
    </City>
    <City>
      <verticeNumber>28</verticeNumber>
      <cityName>Wurzburg</cityName>
      <cityColor>YELLOW</cityColor>
    </City>
    <edgeCost>10</edgeCost>
  </EdgeTriplet>
  <EdgeTriplet>
    <City>
      <verticeNumber>27</verticeNumber>
      <cityName>Fulda</cityName>
      <cityColor>YELLOW</cityColor>
    </City>
    <City>
      <verticeNumber>28</verticeNumber>
      <cityName>Wurzburg</cityName>
      <cityColor>YELLOW</cityColor>
    </City>
    <edgeCost>11</edgeCost>
  </EdgeTriplet>
  <EdgeTriplet>
    <City>
      <verticeNumber>27</verticeNumber>
      <cityName>Fulda</cityName>
      <cityColor>YELLOW</cityColor>
    </City>
    <City>
      <verticeNumber>29</verticeNumber>
      <cityName>Erfurt</cityName>
      <cityColor>YELLOW</cityColor>
    </City>
    <edgeCost>15</edgeCost>
  </EdgeTriplet>
  <EdgeTriplet>
    <City>
      <verticeNumber>28</verticeNumber>
      <cityName>Wurzburg</cityName>
      <cityColor>YELLOW</cityColor>
    </City>
    <City>
      <verticeNumber>33</verticeNumber>
      <cityName>Nurnberg</cityName>
      <cityColor>YELLOW</cityColor>
    </City>
    <edgeCost>8</edgeCost>
  </EdgeTriplet>
  <EdgeTriplet>
    <City>
      <verticeNumber>28</verticeNumber>
      <cityName>Wurzburg</cityName>
      <cityColor>YELLOW</cityColor>
    </City>
    <City>
      <verticeNumber>37</verticeNumber>
      <cityName>Augsburg</cityName>
      <cityColor>PURPLE</cityColor>
    </City>
    <edgeCost>19</edgeCost>
  </EdgeTriplet>
  <EdgeTriplet>
    <City>
      <verticeNumber>28</verticeNumber>
      <cityName>Wurzburg</cityName>
      <cityColor>YELLOW</cityColor>
    </City>
    <City>
      <verticeNumber>38</verticeNumber>
      <cityName>Stuttgart</cityName>
      <cityColor>PURPLE</cityColor>
    </City>
    <edgeCost>12</edgeCost>
  </EdgeTriplet>
  <EdgeTriplet>
    <City>
      <verticeNumber>29</verticeNumber>
      <cityName>Erfurt</cityName>
      <cityColor>YELLOW</cityColor>
    </City>
    <City>
      <verticeNumber>30</verticeNumber>
      <cityName>Halle</cityName>
      <cityColor>YELLOW</cityColor>
    </City>
    <edgeCost>6</edgeCost>
  </EdgeTriplet>
  <EdgeTriplet>
    <City>
      <verticeNumber>29</verticeNumber>
      <cityName>Erfurt</cityName>
      <cityColor>YELLOW</cityColor>
    </City>
    <City>
      <verticeNumber>32</verticeNumber>
      <cityName>Dresden</cityName>
      <cityColor>YELLOW</cityColor>
    </City>
    <edgeCost>19</edgeCost>
  </EdgeTriplet>
  <EdgeTriplet>
    <City>
      <verticeNumber>29</verticeNumber>
      <cityName>Erfurt</cityName>
      <cityColor>YELLOW</cityColor>
    </City>
    <City>
      <verticeNumber>33</verticeNumber>
      <cityName>Nurnberg</cityName>
      <cityColor>YELLOW</cityColor>
    </City>
    <edgeCost>21</edgeCost>
  </EdgeTriplet>
  <EdgeTriplet>
    <City>
      <verticeNumber>30</verticeNumber>
      <cityName>Halle</cityName>
      <cityColor>YELLOW</cityColor>
    </City>
    <City>
      <verticeNumber>31</verticeNumber>
      <cityName>Leipzig</cityName>
      <cityColor>YELLOW</cityColor>
    </City>
    <edgeCost>0</edgeCost>
  </EdgeTriplet>
  <EdgeTriplet>
    <City>
      <verticeNumber>31</verticeNumber>
      <cityName>Leipzig</cityName>
      <cityColor>YELLOW</cityColor>
    </City>
    <City>
      <verticeNumber>41</verticeNumber>
      <cityName>Frankfurt-O</cityName>
      <cityColor>ORANGE</cityColor>
    </City>
    <edgeCost>21</edgeCost>
  </EdgeTriplet>
  <EdgeTriplet>
    <City>
      <verticeNumber>31</verticeNumber>
      <cityName>Leipzig</cityName>
      <cityColor>YELLOW</cityColor>
    </City>
    <City>
      <verticeNumber>32</verticeNumber>
      <cityName>Dresden</cityName>
      <cityColor>YELLOW</cityColor>
    </City>
    <edgeCost>13</edgeCost>
  </EdgeTriplet>
  <EdgeTriplet>
    <City>
      <verticeNumber>32</verticeNumber>
      <cityName>Dresden</cityName>
      <cityColor>YELLOW</cityColor>
    </City>
    <City>
      <verticeNumber>41</verticeNumber>
      <cityName>Frankfurt-O</cityName>
      <cityColor>ORANGE</cityColor>
    </City>
    <edgeCost>16</edgeCost>
  </EdgeTriplet>
  <EdgeTriplet>
    <City>
      <verticeNumber>33</verticeNumber>
      <cityName>Nurnberg</cityName>
      <cityColor>YELLOW</cityColor>
    </City>
    <City>
      <verticeNumber>34</verticeNumber>
      <cityName>Regensburg</cityName>
      <cityColor>PURPLE</cityColor>
    </City>
    <edgeCost>12</edgeCost>
  </EdgeTriplet>
  <EdgeTriplet>
    <City>
      <verticeNumber>33</verticeNumber>
      <cityName>Nurnberg</cityName>
      <cityColor>YELLOW</cityColor>
    </City>
    <City>
      <verticeNumber>37</verticeNumber>
      <cityName>Augsburg</cityName>
      <cityColor>PURPLE</cityColor>
    </City>
    <edgeCost>18</edgeCost>
  </EdgeTriplet>
  <EdgeTriplet>
    <City>
      <verticeNumber>34</verticeNumber>
      <cityName>Regensburg</cityName>
      <cityColor>PURPLE</cityColor>
    </City>
    <City>
      <verticeNumber>37</verticeNumber>
      <cityName>Augsburg</cityName>
      <cityColor>PURPLE</cityColor>
    </City>
    <edgeCost>13</edgeCost>
  </EdgeTriplet>
  <EdgeTriplet>
    <City>
      <verticeNumber>34</verticeNumber>
      <cityName>Regensburg</cityName>
      <cityColor>PURPLE</cityColor>
    </City>
    <City>
      <verticeNumber>36</verticeNumber>
      <cityName>Munchen</cityName>
      <cityColor>PURPLE</cityColor>
    </City>
    <edgeCost>10</edgeCost>
  </EdgeTriplet>
  <EdgeTriplet>
    <City>
      <verticeNumber>34</verticeNumber>
      <cityName>Regensburg</cityName>
      <cityColor>PURPLE</cityColor>
    </City>
    <City>
      <verticeNumber>35</verticeNumber>
      <cityName>Passau</cityName>
      <cityColor>PURPLE</cityColor>
    </City>
    <edgeCost>12</edgeCost>
  </EdgeTriplet>
  <EdgeTriplet>
    <City>
      <verticeNumber>35</verticeNumber>
      <cityName>Passau</cityName>
      <cityColor>PURPLE</cityColor>
    </City>
    <City>
      <verticeNumber>36</verticeNumber>
      <cityName>Munchen</cityName>
      <cityColor>PURPLE</cityColor>
    </City>
    <edgeCost>14</edgeCost>
  </EdgeTriplet>
  <EdgeTriplet>
    <City>
      <verticeNumber>36</verticeNumber>
      <cityName>Munchen</cityName>
      <cityColor>PURPLE</cityColor>
    </City>
    <City>
      <verticeNumber>37</verticeNumber>
      <cityName>Augsburg</cityName>
      <cityColor>PURPLE</cityColor>
    </City>
    <edgeCost>6</edgeCost>
  </EdgeTriplet>
  <EdgeTriplet>
    <City>
      <verticeNumber>37</verticeNumber>
      <cityName>Augsburg</cityName>
      <cityColor>PURPLE</cityColor>
    </City>
    <City>
      <verticeNumber>38</verticeNumber>
      <cityName>Stuttgart</cityName>
      <cityColor>PURPLE</cityColor>
    </City>
    <edgeCost>15</edgeCost>
  </EdgeTriplet>
  <EdgeTriplet>
    <City>
      <verticeNumber>37</verticeNumber>
      <cityName>Augsburg</cityName>
      <cityColor>PURPLE</cityColor>
    </City>
    <City>
      <verticeNumber>40</verticeNumber>
      <cityName>Konstanz</cityName>
      <cityColor>PURPLE</cityColor>
    </City>
    <edgeCost>17</edgeCost>
  </EdgeTriplet>
  <EdgeTriplet>
    <City>
      <verticeNumber>38</verticeNumber>
      <cityName>Stuttgart</cityName>
      <cityColor>PURPLE</cityColor>
    </City>
    <City>
      <verticeNumber>40</verticeNumber>
      <cityName>Konstanz</cityName>
      <cityColor>PURPLE</cityColor>
    </City>
    <edgeCost>16</edgeCost>
  </EdgeTriplet>
  <EdgeTriplet>
    <City>
      <verticeNumber>38</verticeNumber>
      <cityName>Stuttgart</cityName>
      <cityColor>PURPLE</cityColor>
    </City>
    <City>
      <verticeNumber>39</verticeNumber>
      <cityName>Freiburg</cityName>
      <cityColor>PURPLE</cityColor>
    </City>
    <edgeCost>16</edgeCost>
  </EdgeTriplet>
  <EdgeTriplet>
    <City>
      <verticeNumber>39</verticeNumber>
      <cityName>Freiburg</cityName>
      <cityColor>PURPLE</cityColor>
    </City>
    <City>
      <verticeNumber>40</verticeNumber>
      <cityName>Konstanz</cityName>
      <cityColor>PURPLE</cityColor>
    </City>
    <edgeCost>14</edgeCost>
  </EdgeTriplet>


  <AdjacentRegionsTriplet>
    <RegionColor>GREEN</RegionColor>
    <RegionColor>ORANGE</RegionColor>
    <areAdjacent>true</areAdjacent>
  </AdjacentRegionsTriplet>

  <AdjacentRegionsTriplet>
    <RegionColor>GREEN</RegionColor>
    <RegionColor>RED</RegionColor>
    <areAdjacent>true</areAdjacent>
  </AdjacentRegionsTriplet>

  <AdjacentRegionsTriplet>
    <RegionColor>GREEN</RegionColor>
    <RegionColor>YELLOW</RegionColor>
    <areAdjacent>true</areAdjacent>
  </AdjacentRegionsTriplet>

  <AdjacentRegionsTriplet>
    <RegionColor>GREEN</RegionColor>
    <RegionColor>BLUE</RegionColor>
    <areAdjacent>false</areAdjacent>
  </AdjacentRegionsTriplet>

  <AdjacentRegionsTriplet>
    <RegionColor>GREEN</RegionColor>
    <RegionColor>PURPLE</RegionColor>
    <areAdjacent>false</areAdjacent>
  </AdjacentRegionsTriplet>

  <AdjacentRegionsTriplet>
    <RegionColor>ORANGE</RegionColor>
    <RegionColor>YELLOW</RegionColor>
    <areAdjacent>true</areAdjacent>
  </AdjacentRegionsTriplet>

  <AdjacentRegionsTriplet>
    <RegionColor>ORANGE</RegionColor>
    <RegionColor>RED</RegionColor>
    <areAdjacent>false</areAdjacent>
  </AdjacentRegionsTriplet>

  <AdjacentRegionsTriplet>
    <RegionColor>ORANGE</RegionColor>
    <RegionColor>BLUE</RegionColor>
    <areAdjacent>false</areAdjacent>
  </AdjacentRegionsTriplet>

  <AdjacentRegionsTriplet>
    <RegionColor>GREEN</RegionColor>
    <RegionColor>PURPLE</RegionColor>
    <areAdjacent>false</areAdjacent>
  </AdjacentRegionsTriplet>

  <AdjacentRegionsTriplet>
    <RegionColor>RED</RegionColor>
    <RegionColor>YELLOW</RegionColor>
    <areAdjacent>true</areAdjacent>
  </AdjacentRegionsTriplet>

  <AdjacentRegionsTriplet>
    <RegionColor>RED</RegionColor>
    <RegionColor>BLUE</RegionColor>
    <areAdjacent>true</areAdjacent>
  </AdjacentRegionsTriplet>

  <AdjacentRegionsTriplet>
    <RegionColor>RED</RegionColor>
    <RegionColor>PURPLE</RegionColor>
    <areAdjacent>false</areAdjacent>
  </AdjacentRegionsTriplet>

  <AdjacentRegionsTriplet>
    <RegionColor>YELLOW</RegionColor>
    <RegionColor>BLUE</RegionColor>
    <areAdjacent>true</areAdjacent>
  </AdjacentRegionsTriplet>

  <AdjacentRegionsTriplet>
    <RegionColor>YELLOW</RegionColor>
    <RegionColor>PURPLE</RegionColor>
    <areAdjacent>true</areAdjacent>
  </AdjacentRegionsTriplet>

  <AdjacentRegionsTriplet>
    <RegionColor>BLUE</RegionColor>
    <RegionColor>PURPLE</RegionColor>
    <areAdjacent>true</areAdjacent>
  </AdjacentRegionsTriplet>

</MapData>